> Task :checkKotlinGradlePluginConfigurationErrors SKIPPED
> Task :compileKotlin UP-TO-DATE
> Task :compileJava NO-SOURCE
> Task :processResources NO-SOURCE
> Task :classes UP-TO-DATE

> Task :run
10:10:45.820 [main] INFO io.ktor.server.Application -- Autoreload is disabled because the development mode is off.
10:10:46.028 [main] INFO io.ktor.server.Application -- Application started in 0.694 seconds.
10:10:46.055 [main] DEBUG io.netty.util.internal.logging.InternalLoggerFactory -- Using SLF4J as the default logging framework
10:10:46.089 [main] DEBUG io.netty.util.internal.PlatformDependent0 -- Java version: 21
10:10:46.089 [main] DEBUG io.netty.util.internal.PlatformDependent0 -- -Dio.netty.noUnsafe: false
10:10:46.097 [main] DEBUG io.netty.util.internal.PlatformDependent0 -- sun.misc.Unsafe.theUnsafe: available
10:10:46.099 [main] DEBUG io.netty.util.internal.PlatformDependent0 -- sun.misc.Unsafe base methods: all available
10:10:46.101 [main] DEBUG io.netty.util.internal.PlatformDependent0 -- java.nio.Buffer.address: available
10:10:46.102 [main] DEBUG io.netty.util.internal.PlatformDependent0 -- direct buffer constructor: unavailable: Reflective setAccessible(true) disabled
10:10:46.105 [main] DEBUG io.netty.util.internal.PlatformDependent0 -- java.nio.Bits.unaligned: available, true
10:10:46.106 [main] DEBUG io.netty.util.internal.PlatformDependent0 -- jdk.internal.misc.Unsafe.allocateUninitializedArray(int): unavailable: symbolic reference class is not accessible: class jdk.internal.misc.Unsafe, from class io.netty.util.internal.PlatformDependent0 (unnamed module @53f3bdbd)
10:10:46.106 [main] DEBUG io.netty.util.internal.PlatformDependent0 -- java.nio.DirectByteBuffer.<init>(long, {int,long}): unavailable
10:10:46.107 [main] DEBUG io.netty.util.internal.PlatformDependent -- sun.misc.Unsafe: available
10:10:46.107 [main] DEBUG io.netty.util.internal.PlatformDependent -- -Dio.netty.tmpdir: /tmp (java.io.tmpdir)
10:10:46.107 [main] DEBUG io.netty.util.internal.PlatformDependent -- -Dio.netty.bitMode: 64 (sun.arch.data.model)
10:10:46.108 [main] DEBUG io.netty.util.internal.PlatformDependent -- -Dio.netty.maxDirectMemory: -1 bytes
10:10:46.114 [main] DEBUG io.netty.util.internal.CleanerJava9 -- java.nio.ByteBuffer.cleaner(): available
10:10:46.114 [main] DEBUG io.netty.util.internal.PlatformDependent -- -Dio.netty.noPreferDirect: false
10:10:46.140 [main] DEBUG io.netty.util.internal.PlatformDependent -- -Dio.netty.jfr.enabled: true
10:10:46.147 [main] DEBUG io.netty.channel.kqueue.KQueue -- KQueue support is not available: null
10:10:46.165 [main] DEBUG io.netty.util.internal.NativeLibraryLoader -- -Dio.netty.native.workdir: /tmp (io.netty.tmpdir)
10:10:46.165 [main] DEBUG io.netty.util.internal.NativeLibraryLoader -- -Dio.netty.native.deleteLibAfterLoading: true
10:10:46.165 [main] DEBUG io.netty.util.internal.NativeLibraryLoader -- -Dio.netty.native.tryPatchShadedId: true
10:10:46.166 [main] DEBUG io.netty.util.internal.NativeLibraryLoader -- -Dio.netty.native.detectNativeLibraryDuplicates: true
10:10:46.199 [main] DEBUG io.netty.channel.epoll.Epoll -- Epoll support is not available: could not load a native library: netty_transport_native_epoll_x86_64
10:10:46.216 [main] DEBUG io.netty.channel.MultithreadEventLoopGroup -- -Dio.netty.eventLoopThreads: 8
10:10:46.220 [main] DEBUG io.netty.channel.nio.NioIoHandler -- -Dio.netty.noKeySetOptimization: false
10:10:46.221 [main] DEBUG io.netty.channel.nio.NioIoHandler -- -Dio.netty.selectorAutoRebuildThreshold: 512
10:10:46.238 [main] DEBUG io.netty.util.concurrent.GlobalEventExecutor -- -Dio.netty.globalEventExecutor.quietPeriodSeconds: 1
10:10:46.247 [main] DEBUG io.netty.util.internal.InternalThreadLocalMap -- -Dio.netty.threadLocalMap.stringBuilder.initialSize: 1024
10:10:46.247 [main] DEBUG io.netty.util.internal.InternalThreadLocalMap -- -Dio.netty.threadLocalMap.stringBuilder.maxSize: 4096
10:10:46.264 [main] DEBUG io.netty.util.internal.PlatformDependent -- org.jctools-core.MpscChunkedArrayQueue: available
10:10:46.343 [main] DEBUG io.netty.channel.DefaultChannelId -- -Dio.netty.processId: 42327 (auto-detected)
10:10:46.351 [main] DEBUG io.netty.util.NetUtil -- -Djava.net.preferIPv4Stack: false
10:10:46.351 [main] DEBUG io.netty.util.NetUtil -- -Djava.net.preferIPv6Addresses: false
10:10:46.353 [main] DEBUG io.netty.util.NetUtilInitializations -- Loopback interface: lo (lo, 0:0:0:0:0:0:0:1%lo)
10:10:46.356 [main] DEBUG io.netty.util.NetUtil -- /proc/sys/net/core/somaxconn: 4096
10:10:46.358 [main] DEBUG io.netty.channel.DefaultChannelId -- -Dio.netty.machineId: ba:01:cd:ff:fe:f6:db:c1 (auto-detected)
10:10:46.385 [main] DEBUG io.netty.util.ResourceLeakDetector -- -Dio.netty.leakDetection.level: simple
10:10:46.385 [main] DEBUG io.netty.util.ResourceLeakDetector -- -Dio.netty.leakDetection.targetRecords: 4
10:10:46.436 [main] DEBUG io.netty.buffer.AdaptiveByteBufAllocator -- -Dio.netty.allocator.useCachedMagazinesForNonEventLoopThreads: false
10:10:46.463 [main] DEBUG io.netty.util.Recycler -- -Dio.netty.recycler.maxCapacityPerThread: 4096
10:10:46.463 [main] DEBUG io.netty.util.Recycler -- -Dio.netty.recycler.ratio: 8
10:10:46.463 [main] DEBUG io.netty.util.Recycler -- -Dio.netty.recycler.chunkSize: 32
10:10:46.463 [main] DEBUG io.netty.util.Recycler -- -Dio.netty.recycler.blocking: false
10:10:46.463 [main] DEBUG io.netty.util.Recycler -- -Dio.netty.recycler.batchFastThreadLocalOnly: true
10:10:46.485 [main] DEBUG io.netty.buffer.ByteBufUtil -- -Dio.netty.allocator.type: adaptive
10:10:46.486 [main] DEBUG io.netty.buffer.ByteBufUtil -- -Dio.netty.threadLocalDirectBufferSize: 0
10:10:46.486 [main] DEBUG io.netty.buffer.ByteBufUtil -- -Dio.netty.maxThreadLocalCharBufferSize: 16384
10:10:46.489 [main] DEBUG io.netty.bootstrap.ChannelInitializerExtensions -- -Dio.netty.bootstrap.extensions: null
10:10:46.525 [DefaultDispatcher-worker-1] INFO io.ktor.server.Application -- Responding at http://0.0.0.0:8080
10:11:21.717 [eventLoopGroupProxy-3-1] DEBUG io.netty.buffer.AbstractByteBuf -- -Dio.netty.buffer.checkAccessible: true
10:11:21.718 [eventLoopGroupProxy-3-1] DEBUG io.netty.buffer.AbstractByteBuf -- -Dio.netty.buffer.checkBounds: true
10:11:21.719 [eventLoopGroupProxy-3-1] DEBUG io.netty.util.ResourceLeakDetectorFactory -- Loaded default ResourceLeakDetector: io.netty.util.ResourceLeakDetector@1149e66e

> Task :run FAILED

FAILURE: Build failed with an exception.

* What went wrong:
Execution failed for task ':run'.
> Process 'command '/usr/lib/jvm/java-21-openjdk-amd64/bin/java'' finished with non-zero exit value 143

* Try:
> Run with --stacktrace option to get the stack trace.
> Run with --info or --debug option to get more log output.
> Run with --scan to get full insights.
> Get more help at https://help.gradle.org.

BUILD FAILED in 1m 38s
2 actionable tasks: 1 executed, 1 up-to-date
